// Jest Snapshot v1, https://goo.gl/fbAQLP

exports[`Should render some buttons 1`] = `
Object {
  "asFragment": [Function],
  "baseElement": <body>
    <div>
      <header
        class="MuiPaper-root MuiAppBar-root MuiAppBar-positionStatic MuiAppBar-colorPrimary MuiPaper-elevation4"
      >
        <div
          class="MuiToolbar-root MuiToolbar-regular MuiToolbar-gutters"
        >
          <div
            class="MuiGrid-root MuiGrid-container MuiGrid-spacing-xs-3"
          >
            <div
              class="MuiGrid-root MuiGrid-item MuiGrid-grid-xs-12"
            />
            <div
              class="MuiGrid-root MuiGrid-item MuiGrid-grid-xs-4"
            />
            <div
              class="MuiGrid-root MuiGrid-item MuiGrid-grid-xs-2"
            >
              <label
                for="filePicker"
                style="color: rgb(255, 255, 255); background-color: rgb(245, 0, 87); padding: 10px 16px; box-shadow: 0px 3px 1px -2px rgb(0 0 0 / 20%), 0px 2px 2px 0px rgb(0 0 0 / 14%), 0px 1px 5px 0px rgb(0 0 0 / 12%); border-radius: 4px; font-family: Roboto, Helvetica, Arial, sans-serif; font-size: 0.875rem; font-weight: bold; min-width: 64px; box-sizing: border-box; height: 36px; cursor: pointer; display: inline-flex;"
              >
                Open Workspace
              </label>
              <input
                accept=".tsx .ts .pdf .json"
                directory=""
                id="filePicker"
                style="opacity: 0;"
                type="file"
                webkitdirectory=""
              />
            </div>
            <div
              class="MuiGrid-root MuiGrid-item MuiGrid-grid-xs-2"
            >
              <button
                class="MuiButtonBase-root MuiButton-root MuiButton-contained MuiButton-containedSecondary"
                tabindex="0"
                type="button"
              >
                <span
                  class="MuiButton-label"
                >
                  Log In
                </span>
                <span
                  class="MuiTouchRipple-root"
                />
              </button>
            </div>
            <div
              class="MuiGrid-root MuiGrid-item MuiGrid-grid-xs-2"
            />
          </div>
        </div>
      </header>
    </div>
  </body>,
  "container": <div>
    <header
      class="MuiPaper-root MuiAppBar-root MuiAppBar-positionStatic MuiAppBar-colorPrimary MuiPaper-elevation4"
    >
      <div
        class="MuiToolbar-root MuiToolbar-regular MuiToolbar-gutters"
      >
        <div
          class="MuiGrid-root MuiGrid-container MuiGrid-spacing-xs-3"
        >
          <div
            class="MuiGrid-root MuiGrid-item MuiGrid-grid-xs-12"
          />
          <div
            class="MuiGrid-root MuiGrid-item MuiGrid-grid-xs-4"
          />
          <div
            class="MuiGrid-root MuiGrid-item MuiGrid-grid-xs-2"
          >
            <label
              for="filePicker"
              style="color: rgb(255, 255, 255); background-color: rgb(245, 0, 87); padding: 10px 16px; box-shadow: 0px 3px 1px -2px rgb(0 0 0 / 20%), 0px 2px 2px 0px rgb(0 0 0 / 14%), 0px 1px 5px 0px rgb(0 0 0 / 12%); border-radius: 4px; font-family: Roboto, Helvetica, Arial, sans-serif; font-size: 0.875rem; font-weight: bold; min-width: 64px; box-sizing: border-box; height: 36px; cursor: pointer; display: inline-flex;"
            >
              Open Workspace
            </label>
            <input
              accept=".tsx .ts .pdf .json"
              directory=""
              id="filePicker"
              style="opacity: 0;"
              type="file"
              webkitdirectory=""
            />
          </div>
          <div
            class="MuiGrid-root MuiGrid-item MuiGrid-grid-xs-2"
          >
            <button
              class="MuiButtonBase-root MuiButton-root MuiButton-contained MuiButton-containedSecondary"
              tabindex="0"
              type="button"
            >
              <span
                class="MuiButton-label"
              >
                Log In
              </span>
              <span
                class="MuiTouchRipple-root"
              />
            </button>
          </div>
          <div
            class="MuiGrid-root MuiGrid-item MuiGrid-grid-xs-2"
          />
        </div>
      </div>
    </header>
  </div>,
  "debug": [Function],
  "findAllByAltText": [Function],
  "findAllByDisplayValue": [Function],
  "findAllByLabelText": [Function],
  "findAllByPlaceholderText": [Function],
  "findAllByRole": [Function],
  "findAllByTestId": [Function],
  "findAllByText": [Function],
  "findAllByTitle": [Function],
  "findByAltText": [Function],
  "findByDisplayValue": [Function],
  "findByLabelText": [Function],
  "findByPlaceholderText": [Function],
  "findByRole": [Function],
  "findByTestId": [Function],
  "findByText": [Function],
  "findByTitle": [Function],
  "getAllByAltText": [Function],
  "getAllByDisplayValue": [Function],
  "getAllByLabelText": [Function],
  "getAllByPlaceholderText": [Function],
  "getAllByRole": [Function],
  "getAllByTestId": [Function],
  "getAllByText": [Function],
  "getAllByTitle": [Function],
  "getByAltText": [Function],
  "getByDisplayValue": [Function],
  "getByLabelText": [Function],
  "getByPlaceholderText": [Function],
  "getByRole": [Function],
  "getByTestId": [Function],
  "getByText": [Function],
  "getByTitle": [Function],
  "queryAllByAltText": [Function],
  "queryAllByDisplayValue": [Function],
  "queryAllByLabelText": [Function],
  "queryAllByPlaceholderText": [Function],
  "queryAllByRole": [Function],
  "queryAllByTestId": [Function],
  "queryAllByText": [Function],
  "queryAllByTitle": [Function],
  "queryByAltText": [Function],
  "queryByDisplayValue": [Function],
  "queryByLabelText": [Function],
  "queryByPlaceholderText": [Function],
  "queryByRole": [Function],
  "queryByTestId": [Function],
  "queryByText": [Function],
  "queryByTitle": [Function],
  "rerender": [Function],
  "unmount": [Function],
}
`;
